nohup: ignoring input
命宫： 太阳 戌
辅曜： 右弼 

---------------------------------------------

        星曜名称 太阳
        归类 散星
        属性 人
        振动形态：光和温度向四周扩散
        在人
        教师、慈善家、摄影摄像师、导演、贸易行业人员、创业者、社会义工、传媒行业人员、施救者、外乡人、社交达人、父亲、丈夫、政治老师、经济学家、像男人的女性、能源开采工程师、名人、灯光师、眼科医生、社会服务人员、记者、媒体人
        在物
        暖炉、热水、阳光、灯光、眼睛、发亮的物体、心脑血管、男科生殖、星球、经济贸易中心、电视台、广播、星体、能源、公益项目、广告、经济学、政治、火、火锅、辣椒、麻辣烫
        在事
        牺牲奉献、公益慈善、烫伤、声名远扬、去远方、扩散、政治、捐款、做义工、晒太阳、晴天、发烧、发烫、人群、社会活动、政治活动、社交活动、外交活动、吃热辣食物、传播、人群集中
        在观感
        善良但有锋芒、有名气、热情、博爱关怀、牺牲奉献、火红、温度高、光照、使温度升高，使照亮、使传播
        

            星曜组合 太阳太阴
            属性 火＋水
            在人
            网红、游客、灯光师、眼科医生、肠道医生、命理师、天文学家、看演唱会的人、旅行家、自媒体人、占星师、脑科医生、大小眼的人、卖买星空灯的人、使用天文望远镜的人、妇科医生、男科医生、生殖科医生、婚恋主持人、婚恋网站老板、相亲的人、相亲节目嘉宾、老师、网络教育平台老板、公证处人员、网络公益众筹人员、能源从业人员、饰品店老板、金银店老板／前台、热水器制造商、雌雄同体的人、太监、人妖、双性恋、受欢迎的人、社交达人、经济学家、财税人员、假小子、阴柔的男子、眨眼 wink 的人
            在物
            灯光、金、银、珠宝、热水器、内窥镜、男女生殖器、天文望远镜、眼晴、脑、宇宙、星空灯、婚恋网、社交平台、俱乐部、阳光下的湖水、温泉、显微镜
            在事
            看舞台剧、上网课、相亲、联谊、参加社会活动、婚恋主持公证、使用热水器、看天空、看天文望远镜、延时摄影、看风景视频、出名、火葬、女生洗澡、鸳鸯浴、泡温泉、占卜、算命、使用显微镜
            在观感
            日月同辉、光照、热度高、传播能力强、距离远
                                
在辰、戌二宫独坐 
                在戌宫，则太阴太阳皆在陷宫，却是典型的[日月反背]格。 
                [日月反背]，古人认为与父母无缘。但现代社会力小家庭制度，而且离乡背井
                已不算什么一回事，所以[父母无缘]所表现出来的具体事实，并不如古代那么严重。
                在事业方面，则主名声难以显达，但当会照吉曜之时，特別是太阳化禄，则主可成
                巨富，唯必须经一番艰辛的挣扎。而[父母无缘]的性质亦表现为必须白手起家，难
                得父荫。适宜从事的职业，与在辰宫者相同。 
                女命逢[日月反背]，则宜迟婚。若命宫更有
                大限流年命宫在辰、戌，会吉曜仍主喜庆，若煞忌并会，则防意外破财，橫招
                损失。 


太阳 戌
辅曜： 右弼 

---------------------------------------------


凡太阳在命宫庙陷 ， 及为日生人或夜生人 。 入庙又 为日生人则最吉 ， 夜生人次 
之 ； 落陷又为夜生人最凶 ， 日生人稍减 。 
太阳在命宫 者 ， 须留意巨门在何宫度， 及有煞或无 煞 。 若巨门带煞 ， 则太阳在 
庙旺之地尚可 ( 日生人尤利 ) ， 不过谋力化费而已 。 若落陷地 ( 夜生人更劣 ) ， 则必为 
巨门 所暗 ， 应详巨门在何宫度而论吉凶 。 例如太阳在子落陷 ， 巨门在辰 ， 陀罗同度 
为 [ 事业宫 ] ， 则日生入主从事费心力 、 劳口舌之行业 ， 夜生人则主一生费力而不讨 
好 ， 且易为事业而担心 。 
太阳在命宫者 ， 又须留意天梁在何宫度 。 巨门暗 、 天梁孤 。 凡太阳入命已不利 
男亲 ， 若天梁更与孤辰 、 寡宿 、 天刑及煞曜同度 ( 尤忌火铃 ) ， 则主刑克 ， 唯仍须详 
天梁所 在宫度而推断细节 。 如太阳在子落陷 ， 天梁与擎羊同 度在午宫 ， 为 [ 迁移宫 ] ， 
- 则曰生人仅主背井离乡与父生离 ， 夜 生人则或主由生离变成死别 。 又如 [ 太阳太阴 ] 
在丑 ， 天梁 在巳为 [ 事业宫 ] ， 如见煞曜空劫 ， 日生人仅主不继父业 ， 及 发展自己事 
业时无尊亲之力支持 ， 夜生人则主祖业破败然后自立 。 举此两例 ， 余例可知 。 
太阳落陷化忌 ， 更与火铃同度 ， 夜生人多主少年克 父 ， 晚年丧子 。 若日生人 ， 
男性六亲亦不利 。 倘更见天刑 ， 则无论日夜生人均主官非词讼缠绕 。 

太阳在命宫 ， 太阴守身宫于辰戌 ， 主离乡背井 。 




太阳在辰 ， 太阴在戌 ， 为 [ 日月全璧 ] 一一若见辅佐 吉曜及吉化 ， 主人富贵 ； 反之 ， 
若太阳在戌 ， 太阴在辰 ， 则 为 『 日 月失辉』， 主殉变迁动荡 。 
太阳在辰戌化科 ， 对宫太阴化权 ， 宜为财赋之官 ， 亦宜于大机构掌财权 。 
辰戌二宫太阳 ， 以太阴 、 天机 、 [ 同梁] 宫垣 ， 为大 限流年之枢纽 。 


兄弟宫： 武曲七杀 酉
---------------------------------------------
武曲入兄弟宫，主不和睦，无助力。入庙二人。见吉得一人力。 
落陷一人。 见煞孤身，或各胞。 
四煞空劫会，孤身。 



武杀，一人，且欠和。 


----------------------------------------------
武曲七杀 酉
---------------------------------------------


  
凡武曲在兄弟宫 ， 见擎羊或火星同度 ， 皆主争财 。 与煞曜空劫同度 ， 兄弟明友 
稀少 ， 自身常感孤立 。



卯酉 【 武杀 】， 守兄弟宫 ， 见煞 ， 主兄弟朋友间争财 。 见辅佐吉曜 ， 吉 化 ， 然后 
    有短暂时期助力 ， 但仍不持久 。 
    卯酉 『 武杀 』 ， 若与人合作 ． 须防弄权侵吞 。 故以不 与人合作为宜 。 
    卯酉 [ 武杀 ] 不利之克应 ， 常为天机 、 巨门 、 紫破 、 同梁 躔兄弟宫之年 。 


夫妻宫： 天同天梁 申
佐曜： 文曲 天马 

---------------------------------------------


见六吉，配偶秀丽、潇洒。 
女命夫妻宮天同会四煞化忌，有名无实，宜偏房，或离婚再嫁，或配偶病灾。
会巨门，口舌连连。 
男女皆须迟婚，已订婚者解约再娶为宜，或不举正式婚礼，否则三妻之命，小配可免。会四煞亦有名无实。 




 同梁，新婚期间及老年吉，中年聚少离多，或再婚，亦主离婚后可配美貌之妻，
或配多才之夫。男命主妻能持家；女命，主自身操劳。 


--------------------------------------
天同天梁 申
佐曜： 文曲 天马 

---------------------------------------------


天同主白手兴家 ， 即去尽现成事业而后 自行兴创 。 将此层意义移入 [ 夫妻宫 ] ， 
即为两度姻缘 。 尤其是在古代 ， 婚姻必凭媒妁 ( 等于 [ 现成 ]) ， 故天同在夫妻宫者多 
主纳妾 ( 等于 [ 自创 ]) 。 在现代 ， 往往为婚前曾与人同居或热恋 ， 离 散后再成婚嫔 。 
一一必须了解此重意义 ， 然后始可作细节推断 。 
凡天同在夫妻宫 ， 皆主配年少之妻 ， 或年长之夫 ， 以年龄相差八年为准 ， 然后 
始可成结发 。 否则女命只宜偏房 。 此为趋避之道 。  



 寅申宫 [ 天同天梁 ] ， 男命主离婚后得配美貌之妻 ； 女命主再嫁事业优胜之夫 。 
男宜小配 ， 女宜长配的意义更加明显 。 若非再婚 ； 见主夫妻因环境影响而离散 ， 然 
后破镜重圆 。 
寅申宫 『 同梁 』 ， 见辅佐 [ 单星 ] 者 ， 必主再婚 ； 见煞 忌刑曜 ， 则主夫妻徒具虚名 ， 
或见刑克 。 于廉贞化忌会武曲化忌的宫垣 ， 克应配偶灾难丧祸 ； 于太阳化忌会太阴 
化忌的宫垣 ， 克应配偶生离 。


子女宫： 天相 未
辅曜： 天钺 

煞曜： 铃星 地空 

---------------------------------------------
天相坐子女宫，见武曲破军拱照，主刑克，迟得为宜。首胎有小产流产，或有
损伤。以先生女为佳。否则主偏房继室生子。 
天相与四煞会，又见辅弼，前三胎有损，须偏房继室生子，唯第一胎仍小产。 
天相见权禄科三吉化，及魁钺、辅弼及天府会照，则五胎以上，且子女仁慈孝
顺。 
天相最怕见煞，招祀子或庶出为宜，先招外子后裔生一二。


-------------------------------------
天相 未
辅曜： 天钺 

煞曜： 铃星 地空 

---------------------------------------------


天相守子女宫 ， 一般主子女二人 。 若与吉化 、 吉曜 同会 ， 则子女可增至六人 。 
见煞则克至单数 。 
天相与昌曲同度 ， 辅弼夹 ； 辅弼同度 ， 昌曲夹 ； 或 昌曲 、 辅弼齐夹 ； 或昌曲恶 
化而辅弼来会 ； 或辅弼夹而昌曲来会 ， 又不见煞忌 ， 亦无刑忌夹 、 火铃羊陀夹等情 ， 
往往主得孪生予女 。 
天相守子女宫 ， 与煞忌刑耗电量同会 ， 主 刑 克 。 再 会辅弼单星 ， 发妻生者 ， 头 
三胎有损 ， 外室继室生青 头 胎有损 ， 唯仍主先得子 。 
天相所会的天府 ， 若属府库充盈 ， 则天相虽不会吉曜 ， 亦主子女五人 。 若府库 
空露 ， 不特子女性质不佳 ， 而且亦刑克 。 
天相与武曲同度或对拱 ， 巳主子女少 ， 若更见煞 、 化忌 ， 则主刑克孤单 。 氩立 
祀子 ， 或偏房继室生子 。 亦主晚辈反叛 。 
天相见昌曲化忌 ， 往往主子女见双留单 。 
天相与紫微同度或对拱 ， 主子女三人 。 见吉 ， 子女 秀 发 ， 富同情 心 ， 但仍主观 ， 
且爱恶随心而强烈 。 若与廉贞同度或对拱 ， 则仅主二人 ， 吉则子女为行政人才 ， 凶 
则刑克 ， 且主代沟 。 
天相守子女宫 ， 若为财荫夹者 ， 则发妻可先得子 ； 若为刑忌夹者 ， 发妻头胎生 
子者则主难养 。 
则荫夹印 ， 主两代感情融洽 ； 刑忌夹印 ， 主两代感 情冰炭 。 见吉曜 ， 则财荫夹 
印者亦主子女宜从政 ， 或任职企业行政主管 。 若刑忌夹印而见凶曜 ， 主子女刑克或 
破家 。 更宜详备大限子女宫 ， 而厘定其是否同时亦主受晚翠拖累而致损失 。 
子女宫财荫夹而见天巫 、 禄存或化禄同度 ， 主 子女可得丰厚遗产 。  
天相在子女宫 ， 常以刑忌夹 、 财荫 夹 ； 或府库充盈 、 府库空露 ， 以及廉贞 、 武 
曲 、 破军躔度的宫垣 ， 为吉凶克应之斯 。 



 丑未天相 ， 若 见吉 ， 或吉曜夹 ， 子女亦可成才 ； 但主先生女 。 见煞忌 ， 或刑忌 
夹 ， 则有刑克 、 不和等情 。  


财帛宫： 巨门 午
佐曜： 文昌 

煞曜： 擎羊 

---------------------------------------------
巨门守财帛宫，主劳心费力，于竞争中生财。或主凭脑力思虑，或主凭口才，费尽唇舌而得财。 
巨门在财帛宫，亦主人白手兴家。 
巨门会照吉曜，或化禄、化权、禄存同度，皆主富裕。唯防发财后气焰带逼人，
或理想太高，不量力而为，则主受人排挤。 
凡巨门守财帛宫，皆伏破败之机。若自身能收敛锋芒，不生破败，则须教育子
女，防子女败散。 
 倘火铃、空劫、大耗同度或会照，则主有盗劫或火灾。  



若见擎羊、陀罗同度，主因财纠纷涉讼。 
-------------------------------------------
巨门 午
佐曜： 文昌 

煞曜： 擎羊 

---------------------------------------------


巨门守财帛宫 ， 基本性质为劳心费神以求财 ， 或主以 口舌求财 。 且不宜心高气 
傲 ， 否则必生破败 。 
巨门化禄 ， 亦仅主利于口舌求财 ， 如律师 、 教 师 、 推销 、 传播 、 表演等行业 。 巨 
门化忌者尤然 ， 否 则 必多是非词讼 。 
巨门坐财帛宫 ， 有禄 、 权 、 科同会 ， 更见 辅佐吉曜 ， 必可成富 。 唯若锋芒毕露 ， 
盛气凌人者 ， 必反遭入排挤 ， 以致失败 。 
巨门之财 ， 不过一代 。 故凡巨门坐财帛宫 ， 宜兼视 子女宫 ， 子女宫不吉者 ， 主子 
女散财 ， 更见刑耗煞曜 ， 及阴煞 、 大耗 、 天虚 、 破碎 、 蜚廉诸曜 ， 则子女因牵涉官 
非而破败 ， 或骄奢致败 。 
巨门化忌固易惹是非 ， 太阳化忌亦主生极大口舌 ， 且见天刑 ， 则主因财而致兴讼 。 
唯从事刑法纪律行业者 ， 则 反吉祥 。 
巨门与火 、 铃星 、 空劫 、 大耗同度 ， 则主因火灾 、 兵 灾而致破耗 。 
巨门 、 擎羊 、 天刑同度 ， 主词讼 ， 或主财帛竞争 。 从事有竞争意味的行业 ， 如 
法律拍卖行 、 经纪行等 ， 则主 吉祥 。 
巨门与太阳同度或对照 ， 有吉化者 ， 或命宫见禄马 交驰者 ， 主一生受异族信赖 
而成富 。 且主其人有语言天才 ， 此种技能 ， 亦可帮助其进财 。 
 



子午宫巨门与天机相对 ， 见禄 ， 为 『 石中隐玉格 』 ， 主中年后脱颖而出 ， 突成巨 
富 。 唯早年必受艰辛 。 发达之后 ， 若锋芒太露者 ， 又易成为他人攻击目标 。 若骄奢 
淫佚 ， 亦往往因此致败 ， 且易一蹶不振 。 子午巨门居财帛宫 ， 亦宜在异族经营之机构服务 ， 则主先得信誉 ， 然后事业发
展而富裕 。 
若见科文诸曜 ， 则以传播事业为宜 。 亦先有名然后 有利 。 
倘子午巨门与桃花诸曜同度 ， 则 宜从事以口才为主 之表演事业 。 化禄化忌皆然 。 
子午巨门与煞曜同度者 ， 事业每多纠纷 。 与桃花 诸曜同度 ， 又见阴煞 、 天姚 ， 
则因财而招色祸 。 从事演艺者尤须慎防 。 
子午巨门不见吉化 ， 但有禄存同度 ， 又见火铃 ， 且 躔刑耗者 ， 主争财兴讼 。 有 
天巫 ， 则主遗产争夺 ， 或主现成事业起竞争 。 


疾厄宫： 廉贞贪狼 巳
佐曜： 禄存 

煞曜： 火星 

化曜： 贪狼化禄 

---------------------------------------------
廉贞在疾厄宫，多主虚火上升或心火急燥，此乃以廉贞为阴火之故。 
廉贞在斗数中又为[血星]，故主便血、咯血、心血、亏损、心肾不交而致血份亏少失眠、贫血等疾。女命亦主经血不足，经期不准。
廉贞为次桃花，守疾厄宫，故又主手淫、意淫、遗精、淋病、梅毒，及诸般性
病。 
廉贞守疾厄宫，亦主人易患流行性感冒。见天月，则感冒缠绵，以致鼻过敏、
气管过敏。 



廉贞贪狼同度，男命主梦遗，女命主经痛，或子宫疾患。见煞忌刑耗及空劫，
则可能生殖器官崽癌病。煞忌轻者，女命则主子宫倾斜，或妇女暗病。独见火星，
男女皆主腰痛、肝气痛。 


廉贞贪狼 巳
佐曜： 禄存 

煞曜： 火星 

化曜： 贪狼化禄 

---------------------------------------------


廉贞属阴火 ， 故主血 。 凡廉贞所主病患 ， 大致上皆 与血分有关 。 
古人以为 『 男重精 ， 女重血 』 ， 故廉贞亦主精液 。 视是 否不孕 ， 无论于何宫度 ， 
前人皆视廉贞 。 见火铃空劫于陷乡 ， 如恰值大限子女宫 、 疾厄宫 、 命寓 ， 皆定为不 
孕 。 
由血类推为精 ， 则为梦遗 、 手淫 、 精子不足等病患的 克应 。 
故廉贞化忌 ， 便视为血疾 。 固主咯血 ， 亦主凶意外 而 见血光 。 
由此引伸为脓血之灾 ， 故又推断为疮癞 、 梅毒 、 淋病 之类 。 最温和的克应则为 
暗疮 。 若凶煞道重 ， 且见武曲化忌 ， 则为血癌 。 
于女命 ， 推断为经血枯少 、 白带 、 经期不准之类 。 
廉贞化忌最不宜与武曲化忌冲会 ， 若冲会 ， 则为意外 血光之灾 。 灾厄大小 ， 兼 
视命宫 、 福德宫而定 。 
古人之疾病理论 ， 分阴阳表裹 。 血属阴 ， 为裹 ， 与之 相对者则为气 。 气属阳 ， 
为表 。 表里相依 ， 因之由廉贞亦 可视气分疾患 。 
故廉贞亦主感冒 、 咳嗽 、 肺病之类 。 以见火星 、 陀罗 为重 。 
于各星系中 ， 以廉贞 、 七 杀的星系 ， 尤主呼吸器官疾 病 。 最常见者为鼻敏感 、 
鼻窦炎等 ， 以有煞同度为是 。 若煞重 ， 则为肺病 、 肺炎 。 天月同度则为百曰咳 、 痨 
病 。 
廉贞对四化及煞曜异常敏感 ， 须注意大限 流年 彼此冲 会的情况 。 大致而言 ， 最 
不喜见武曲化忌 ； 亦最艮氓键 、 陀罗同躔 。



廉贞 、 贪狼的星曜组合 ， 有 煞忌 ， 决 主 生殖器 。 生殖系统疾患 。 亦主肾病 。 倘 
廉贞化忌与贪狼化忌同度或对拱 ， 则为肾血两经疾患 ， 互相影响 ， 易成种种病变 。 
最坏的情况 ， 为肾脏机能破坏 。 轻者为尿毒 。 


迁移宫： 太阴 辰
辅曜： 左辅 

煞曜： 陀罗 

化曜： 太阴化权 

---------------------------------------------
太阴在迁移宫入庙，主为人人缘极佳，在异乡有贵人扶持。 
若落陷地，则多招是非口舌阴谋。更见擎羊、陀罗、天刑、阴煞，则更多小人
阴损。即有吉星祥曜会合解救，亦主奔波而无结果。  
凡太阴坐迁移宫，无论在何宫度，即使吉星遍集，亦不宜与人争强斗胜。凡事
退让三分，反成福泽。


---------------------------------------
太阴 辰
辅曜： 左辅 

煞曜： 陀罗 

化曜： 太阴化权 

---------------------------------------------


太阴与太阳不同 。 阳光可畏 ， 且主妻散而不主收敛 ， 故易因锋芒而招背后是非 
尤怨 。 月光则多为人所喜 ， 而且光泽柔和 ， 因此居迁移宫时 ， 便亦主易为异邦人接 
受 。 若太阴入庙 ， 更主人缘广结 。 唯若落陷 ， 则亦招阴损 。 
太阴与昌曲同度 ， 再躔桃花诸曜 ， 在外主受异性垂 青 。 见煞忌则主因色致祸 。 
太阴躔昌曲 ， 化忌 ， 因色破财 。 昌曲化忌则为被盗 。 
太阴与辅弼同度 ， 不外得人助 。 与魁钺同度 ， 则机 会迭来 。 
太阴入庙躔火铃 ， 仅主奔波 ； 若落陷躔火铃 ， 则 主 是非横逆 。 羊陀同度 ， 奔忙 
无功 ， 或在外有人阴谋陷害 ； 空劫同度 ， 无端破耗 ， 太阴化为忌星时尤确 。 
太阴主静 、 主藏 ， 故守迁移宫时 ， 不宜与人竞争 、 争夺 。 
太阴在迁移宫 ， 身宫亦在迁移宫 ， 落陷 ， 日生人 ， 或下弦月生人 ， 见火铃在命 
宫 ， 父母宫又不吉者 ， 主随娘改嫁 。 
太阴化忌守迁移宫 ， 不宜在外乡异域投资 。 更不宜 见猎心喜 ， 主反招损失破败 。 
太阴与天同的组合 ， 见禄 ， 又见吉曜 ， 主因远涉重 洋而白手兴家 。 
若天同化忌 ， 则在外奔波而无结果 。 虽勉强成家 ， 但却老死异域 。 
太阴太阳的组合 ， 虽见吉亦主变动不居 ， 每多忙碌 。 见煞轻亦主进退失据 。 必 
须吉化 ， 然后始主在外事业有成 。 
 
 
太阴化忌 ， 受流年大运化忌冲起 ， 双陀罗或双擎革 同躔 ， 或两重羊陀夹 ， 更见 
虚耗诸曜 ， 决主在外横生是非 ， 祸患起于突然 。 
太阴会天同化禄 ， 白手成事业 ； 会天机化禄 ， 事业 更张后即见鼎盛 。 
太阴化权守迁移宫 ， 宜 任职企业 ， 职掌财经调度 ； 化科者 ， 主钱财上受人信任 。 
太阴与科文诸曜同度 ， 不见桃花 ， 古代认为主在外 乡占藉发甲 。 现代则为留学 
有成之兆 。 



交友宫： 天府 卯
煞曜： 地劫 

---------------------------------------------
天府坐交友宫，主交游广阔，但慎于择交。唯此性质与天同之交游广阔不同，
天同交友，不拘出身地位。
天府守交友宫，主下属众多但天同之下属众多，同时必有感情成份；天府守交友宫，
主得下属尊重，视自身为长辈父辈。 
四煞同度或会照，则友人或下属聚散无定。或爱友人、下属欺凌。 
倘天府所会之天相落陷无力，更见空劫刑忌耗煞者，主受友人或下属阴谋陷害，
或吞夺、盗窃财物。 



天府独坐，与地空、地劫同宫，无其他恶隧会蝌，则主有友人或下属无情无义，诚厚待人，反凶终隙末。
-----------------------------------------
天府 卯
煞曜： 地劫 

---------------------------------------------


天府守交友宫 ， 主择交谨慎 ，。 故多交益友 。 然必须 见魁钺 、 然必须见魁钺 、 辅 
弼 ， 然后邕主可得知交 ， 且主下属得力 。 
天府化科 ， 则 友人及 下属 皆忠厚诚 信 。 
天府与煞忌 刑 耗同会 ， 或所会的天 相又 为 刑 忌 所 夹 ， 则主友人或下属恩将仇报 。 
见天姚 、 阴 煞 ， 则 主手 下 人阴谋 ； 财荫夹 者 ， 则主得助力 。 
天府与空劫 刑 耗同会 ， 则主交损友以致破耗 ， 及主 手下人偷盗侵吞 。 
天府在 交友富与禄存同度 ， 迁移宫必为太阴与擎羊 同度 ， 若太阴落陷 ， 则主人 
奔波而且招是非 。 又主利益泰半归于友人及下属 。 自身任劳任怨 ， 然后始可维持人 
情 。 
天府在交友 宫 者 ， 亦须兼视天相 ， 天相之吉凶 ， 影 响天府之性质甚大 。 若天相 
落陷见煞忌 ， 亦主受友人或下属损害 ， 以致陷害 。 



官禄宫： 天同天梁 寅
佐曜： 文曲 天马 

---------------------------------------------
天同守事业宫，主其人白手兴家。
 一般情形下，天同守事业，--宜从事美观及享受性行业。如旅游业、首饰业、装
修业，及化装、美容、烹饪之类。
与化禄、化权、化科会照，或禄马交驰者，则事业由小至大，逐渐亨通，以致
成为行业中领袖人才。 
 天同落陷，不宜从商，只宜受雇，或任公职，或在大企业任职。
 若与陀罗、天马会照，则一生事业多生变化，一或主职业多生变动。
 若与擎羊、天刑会照，则多因事业引起的纠纷。或遭人恶性竞争。 
 若与火、铃同度，则主人事业多逆境，以受雇为宜，不宜自行经营。
若会地空、地劫，则主由才艺白手兴家。 
 


同梁，天同天梁同守事业宫，无论从商、从政，均主宜为幕僚策划人才，见吉
星祥曜，可担任机要秘书之职，或为财务监管人员二若见煞曜，则宜在医院、社会
服务行业工作。若见天马及桃花诸曜，则宜从事流动性的行业，如航空、海员等业。
但见吉曜，又见擎羊、天刑同会，则可担任医疗卫生工作，或海关关员、邮局职员。 


天同天梁 寅
佐曜： 文曲 天马 

---------------------------------------------


天同守事业宫 ， 主事业必由白手创兴 。 自另一个意 义而言 ， 则是纵有父业亦难 
承继 ， 有须经历困难然后始事业有成 。 
天同化禄 ， 或与禄存同度 ． 白手创业的意味尤其明 显 。 且有时主至中年以后始 
能立足脚跟 ， 中年以前 ， 事业反复多变 。 
天同化忌 ， 往往早年即须工作 ， 但事业之创兴却可 能比化禄者为早 ， 中年以后 
若能稳守 ， 即可踌躇志满 。 存辰戌丑未四宫者尤确 ， 又以在戌宫者最为上格 ， 未宫 
次之 。 
天同在事业宫 ， 往往不必见禄马 ， 亦主宜离乡背井 发展 。 ( 在命宫者有时亦然 。 ) 
天同对四煞异常敏感 。 擎羊同度 ， 主事业发生争夺 、 竞争 ， 陀罗同度 ， 主事业 
发展至一阶段 ， 好发生无形变动 ： 火铃同度 ， 主多焦虑 ， 主多焦虑 ， 须呕尽心血后 
始能有成 。 故当四煞 同度之时 ， 天同若化为忌星者 ， 则一生事业必波折重重 ， 与天 
同化忌不与煞星同度者 ， 性质截然不同 。 
天同又为艺术之星 ， 且倾向于音乐 ， 居事业宫 ， 有桃花诸曜同会者 ， 可向艺术 
发展 ； 唯 [ 天同天梁 ] 的星系 ， 必 须不见火铃始是 ， 否则定主半途而废 。 
天同与空劫同度 ， 亦加强其艺术气质 ， 唯必须建立 个人独特风格 ， 且亦有此潜 
质 。
天同在命宫或事业宫 ， 火铃同度或对拱 ， 声线带沙 ， 若从事音乐 、 歌唱 ， 必须 
注意风格之配合 。 
天同与昌曲 、 天才同度 ， 亦宜文艺事业 。 龙池 、 凤 阁同度 ， 财为器乐 ， 或为文 
化事业中的技术工作者 。 
天同与左辅右弼同会 ， 须天同不化忌星始主得助 力 ， 否则纵有下属 ， 却有帮不 
上忙之感 ， 仍须亲力亲为 。 
天同又 主享受 ， 故居事业宫 ， 每主适宜经营美观或带享受色彩之行业 。 
天同不宜入墓 ( 即与长生十二神的墓星同度 ) ， 主 事业与个性不相投 。 或觉得有 
[ 不逢明主 ] 的感觉 。 
六宫天同独坐 ， 详细推断可参考前段所述天同 的特质 。 



寅申宫 【 天同天梁 】 同度 ， 仅宜出任公职 。 若自己经 营 ， 亦仅宜组织有限公司 ， 
任监察 、 管理之责 。 或所经营行业 ， 本身即有监察 、 管理之性质 。 
【 天同天梁 】 所从事者必以内务为宜 。 如计划 、 管理 之类 。 
[ 天同天梁 ] 有吉化 ， 又见是曲同度 ， 则可从事艺术 工作 ， 但仍须处理内务 ， 即绝非表演行业 ， 以见天梁化科者最为高格 。 
【 天同天梁 】 守事业宫 ， 亦主一生职务多变 ， 或时时 变换工作环境 ，， 或因工作 
须跋涉为劳 ， 或时时须出差工作 。 见禄马交驰者更甚 ， 火铃照会者亦甚 。 唯禄马交 
驰则财刍较旺耳 。 
敞引申而 言 ， 『 天同天梁 』 坐事业宫者 ， 亦可服务于 交通 、 运输等带 变动 性 质的 
行业 。 


田宅宫： 紫微破军 丑
辅曜： 天魁 

---------------------------------------------
紫微入田宅宫一般主有产业承继，及有自己增置的产业。尤喜见禄存或化禄会
照，必主增购物业。(所以当大限或流年的田宅宫见紫微坐守，有流禄或流化禄同度
或会照时，便应可做初步推断，其人在该大限或流年内有置业的可能。可参考其财
帛运程来决定。以此为例，以下即不一一指出。) 
紫微在田宅宫见化权或化科，而不见禄，不主置业，仅主产业的承继。 
 (所以当流年田宅宫见紫微与[流化权]或[流化科]相会时，便应同时观察父母宫
的吉凶，以推定是年是否主父母弃世。以此为例，以下亦不一一指出。) 
紫微守田宅宫者，古人认为宜置山地，因为紫微为帝星，有高高在上的性质，
在香港应该改为宜置大厦的高层，或在高地(如半山区)的楼宇。 
紫微会桃花，加咸池、天姚、沐浴、红鸾、天喜者，主住宅阴盛阳衰。即家中
女口多，男口少。或主其人的住宅处于繁华的区域。若有贪狼同度或会照，则住宅
临近可能：为风化区，或为娱乐饮食场所集中之地。否则四邻多女性。 
紫微与禄或化禄会照，见天马者宜在外国置业。与天府会合者，则宜在出生地或久居地置业。 
紫微与火星同度，再会擎羊、陀罗、地空、地劫、大耗者，主有火灾。 
 (所以流年田宅宫见紫微与火星同度，再会流羊或流陀者，便应小心住宅或办公
室，或自己的物业有火险。举此为例，以下不再一一指出。) 



紫微七杀同度，或紫微破军同度，一般主不守祖业，会煞耗者尤确。能否自置，
须视运限流年的田宅宫而定，唯亦主置后有变卖，除非有辅佐吉曜同会。 
 (置业后有变卖不一定不好，可能是旧屋换新屋，于推断时应加注意。) 


紫微破军 丑
辅曜： 天魁 

---------------------------------------------
 
紫微与破军同度或对拱 ， 主有祖业或现成家业 ， 但 因各种原因退败 。 若为 百官 
朝拱者 ， 则可保留 。 倘 [ 在 野 ] ， 或羊陀 ， 空劫同会 ， 则主因之而起是非纠纷 。 更见 
刑 耗 ， 主牵连诉讼 ， 有大巫则为争产 。 见禄， 或破军化禄则有自置物业 ， 惟置旧宅 
为宜 。 
紫微与七 杀同度或对拱 ， 须视天府吉凶。 若库扩充盈则有自置物业 ， 若府库空 
露 ， 则产业动摇 。 见化忌 ， 空动 、 刑耗 、 天虚等曜 ， 则产业消磨破耗 。 
 
凡紫微守田宅宫 ， 除紫贪外 ( 贪狼化忌则仍是 ) ， 均不宜见火星 ， 再会羊陀 ， 空 
劫 ， 虚耗 ： 主名下物业有火灾 。 于羊陀失并之年克应 。 
紫微守田宅宫虽见辅佐吉曜 ， 亦不宜昌曲化忌 ， 主 买卖物业因文书契约而受损 
失 。
紫微星系在田宅宫 ， 若辅佐吉曜同会者 ， 主聚族而 居 ， 又主所服务机构员工众 
多 。 若为 [ 紫破 ] 见吉 ， 则为新 兴机构 ， 若 [ 紫相 ] 见煞 ， 则为老旧机构 ， 而基础动摇 ， 
宜 注意转职或改革之机会 。 
紫微星系在田宅宫 ， 以大限流年 见 [ 紫破 ] 、 [ 紫相 ] 始表徵有迁动 ， 唯煞重者不 
迁 ， 仅主装修或内部迁动 ( 如 换房 ， 办公室换位之类 ) 。 [ 紫贪 ] 见禄主动建 ， 或迁华宅 。 
凡紫微星系守田宅宫而见吉 ， 均主置业 ， 在现代往往为股份公司开创之期 。 
紫微星系守田宅宫 ， 有忌星 、 流煞入度 ， 冲会大限 流煞 。 又见阴煞 ， 丧门 、 白 
虎 ， 则主有老亲孝服 。 唯必须父母宫见昌曲 ， 或命宫见昌曲 ， 又或田宅宫见昌曲始是 。 
紫微星系守田宅宫 ， 有吉曜 、 吉化 ， 见天喜或 红惊 ， 有流昌流曲入度 ， 则主 
是年增添人口 。 若不见吉曜 ， 仅主亲戚朋友来投 ， 暂住一个时期 ， 在服务机构 ， 则 
主有人来见习 ， 实习 ， 或有临时职员 。 
紫微星系守田宅宫 ， 一般主居屋及公司不受风水影 响 ， 唯若见火铃 ， 空劫 ， 阴 
煞者 ， 则仍应注意风水 。 
[ 紫破 ] 及 [ 紫相 ] 见煞忌刑耗空劫 ， 主住旧宅 ， 必须 参祥风水 。 



福德宫： 天机 子
化曜： 天机化忌 

---------------------------------------------
天机坐福德宫，一般主人思想敏锐。唯亦正因此亦令其人心绪不宁。
若天机化忌，则更主人行事畏首畏尾，遇事喜钻牛角尖，以致进退失据，多虑
多忧。 
若天机与擎羊、陀罗会照，则主人自寻烦恼，无事找事，以致终日奔波。 
若天机与火星、铃星、地空、地劫、天刑、大耗会照，则主人无精神享受，终
日奔忙心烦，身心不得安静。 
若天机与吉星祥曜照会或同度，则主人心劳而身不劳：而其心劳亦不致钻入牛
角尖内致生无谓困扰。但其人为了追求精神享受，或为了消磨时间，却喜学习多方
面的知识与技术，然而却不喜深入。 
 


天机 子
化曜： 天机化忌 

---------------------------------------------


天机守福德宫 ， 一般情形下主多思多虚 ， 兴 趣多端 ， 思想不集中 ， 考虑欠周密 。 
若居陷宫 ， 则更易多学不实 ， 考虑时陷牛角尖 ， 且多优虑 。 会空曜 ， 华盖 ， 贝旺觉 
人生空幻 ， 易生宗教信仰 。 
天机如火铃 ， 或火铃夹者 ， 主身劳心劳 ， 不得安宁 。 化忌者更 甚 ， 且往往功败 
垂成 。 
天机化禄不如化权 ， 化权则能增加安定 ， 减少动荡 ． 亦使思想之周密性增加 。 
天机会吉曜 ， 亦不能增加其稳定 ， 唯见煞却会增加 其动荡 。 



父母宫： 廉贞贪狼 亥
---------------------------------------------
廉贞守父母宫为恶曜，一般均不利父母，有刑伤克害，轻者亦主不受父母荫庇，
或感情欠佳。 
廉贞于父母宫落陷，或化忌，须出祀或过继，或重拜父母。 
廉贞与天马、天虚同度或会照，则主幼年远离父母。  
若廉贞守父母宫，有红鸾、天喜、成池、天姚、天刑同度或会照，主其人为偏
房继室所生。否则主父亲有外遇。在现代社会，亦可能主母亲有两次婚姻。


 廉贞与七杀、破军、贪狼会照或同度者，皆主父母刑伤。更见四煞、空劫、天
刑、孤辰、阴煞，则主刑克死亡，或遭重大灾祸，或有危症绝症。 


廉贞贪狼 亥
---------------------------------------------


廉贞在父母宫 ， 由于其为带感情及血缘的星曜 ， 所 以性质相当复杂 。 尤其是当 
廉贞化禄或化忌之时 ， 性质异常敏感 ， 所以须小心推断 。 
廉贞化禄 ， 一般主不刑克 ， 或感情融洽 。 唯此时太 阳必同时化忌 ， 基本性质不 
利父母 ， 故此时必须详视太阳 、 太阴所同会的星曜 ( 不论在何宫垣 ) ， 及父母宫廉贞 
所同会 的星曜 ， 然后始能作 出推断 。 
廉贞化忌 ， 一般主不利父母 ， 或刑克 、 或生离 、 或感情不融洽 。 须见太阳 、 太 
阴同会星曜而定 。 
若廉贞化忌 ， 与火铃 、 羊陀 、 空劫 、 天刑 、 天伤等 星曜同会者 ， 一般主刑克 。 
若廉贞化忌 ， 与火星同度 ， 或与天马 、 天虚同度 ， 主远离父母 。 
若廉贞化忌 ， 与铃星同度 ， 或与杀 、 破 、 狼同度而 无吉 ， 且见虚 、 耗 、 刑 、 伤 
者 ， 则宜出祀 、 过继 ， 两重父母 。 
廉贞与昌曲 、 桃花诸曜同宫或会照 ， 则主为偏房继 室所生 ， 或上代阴盛阳衰 ， 
或父有外遇 。 见辅佐对星带单星者 ， 则决主父有外遇 ； 见昌曲化忌 ， 决主偏房继室 
所生 。 
廉贞化忌 ， 桃花诸曜毕集 ， 主父母婚姻情况复杂 。 
凡廉贞带桃花者 ， 宜从事以异性为 顾 客对象的行 业 ， 或带精神享受色彩的行业 。  
若廉贞化忌会武曲化忌于父母宫 ， 主父母是年有 病症或死亡 。 一若武曲据父母 
宫而会廉贞化忌 ， 则有为父母破败 。 断上司关系 ， 则可能为遭上司解雇 。 
廉贞与流昌流曲相会 ， 昌曲化忌 ， 则亦为不利父 的星系结构 。 一一有时此克应 
亦在流年命宫或小限出堋 



[ 廉杀 ] 、 [ 廉破 ] 、 [ 廉贪 ] ， 基本性质亦主刑 伤 。 化忌见煞者更甚 。 若廉贞化禄 ， 
又见吉曜 ， 则可以化解 ， 以与父母远离为宜 。 在古代 ， 认为宜重拜父母 ， 过继出祀 。


